CompanyName                              LastOrderPlaced FirstOrderPlace AverageOrderAmount
---------------------------------------- --------------- --------------- ----------------------------------------------------------------------------------------------------------------------------------------------------------------------------------------------------------------------------------------------------------------
QUICK-Stop                               Apr 17 2021     Aug 08 2019     $1,366.09
Simons bistro                            Dec 29 2020     Nov 01 2019     $1,209.23
Piccolo und mehr                         Apr 25 2021     Nov 21 2019     $1,141.74
Ernst Handel                             Apr 16 2021     Sep 02 2019     $1,110.16
Hanari Carnes                            Apr 30 2021     Aug 24 2019     $1,065.66
Hungry Owl All-Night Grocers             May 02 2021     Sep 07 2019     $1,042.13
Mère Paillarde                           Nov 01 2020     Oct 17 2019     $1,006.37
Save-a-lot Markets                       Apr 30 2021     Oct 06 2019     $997.18
Great Lakes Food Market                  Apr 11 2021     May 05 2020     $895.96
Bólido Comidas preparadas                Apr 20 2021     Oct 10 2019     $882.97
Königlich Essen                          Apr 18 2021     Oct 10 2019     $813.99
Queen Cozinha                            Mar 26 2021     Dec 05 2019     $755.65
Rattlesnake Canyon Grocery               Apr 10 2021     Aug 02 2019     $735.86
Blondesddsl père et fils                 Feb 02 2021     Sep 06 2019     $734.15
Folies gourmandes                        Dec 27 2020     Jan 10 2020     $729.18
White Clover Markets                     Apr 30 2021     Aug 05 2019     $726.84
Folk och fä HB                           May 01 2021     Sep 09 2019     $723.46
Eastern Connection                       Apr 27 2021     Nov 30 2019     $715.89
Old World Delicatessen                   Apr 23 2021     Oct 05 2019     $680.21
Richter Supermarkt                       Apr 19 2021     Aug 28 2019     $667.77
Seven Seas Imports                       Feb 05 2021     Nov 22 2019     $660.46
Bottom-Dollar Markets                    Apr 26 2021     Dec 20 2019     $645.93
Suprêmes délices                         Apr 26 2021     Aug 25 2019     $633.45
Split Rail Beer & Ale                    Mar 30 2021     Aug 26 2019     $624.49
Maison Dewey                             Apr 19 2021     May 05 2020     $613.56
Frankenversand                           Apr 13 2021     Sep 14 2019     $598.39
Chop-suey Chinese                        Apr 24 2021     Aug 27 2019     $585.74
Tradição Hipermercados                   Jan 18 2021     Aug 29 2019     $562.36
Lehmanns Marktstand                      Mar 08 2021     Aug 12 2019     $545.69
Bon app'                                 Mar 20 2021     Oct 17 2019     $542.07
Vaffeljernet                             Apr 05 2021     Nov 28 2019     $536.90
Princesa Isabel Vinhos                   Apr 09 2021     Oct 21 2019     $531.71
France restauration                      Mar 29 2021     Sep 20 2020     $528.69
HILARION-Abastos                         May 01 2021     Sep 01 2019     $524.70
LILA-Supermercado                        Apr 09 2021     Aug 19 2019     $524.27
Berglunds snabbköp                       Apr 04 2021     Aug 12 2019     $518.62
LINO-Delicateses                         Apr 11 2021     Jan 18 2020     $511.13
The Big Cheese                           Mar 30 2021     Sep 23 2019     $480.14
Ricardo Adocicados                       Feb 15 2021     Aug 24 2019     $478.68
Around the Horn                          Apr 09 2021     Nov 16 2019     $460.22
Morgenstern Gesundkost                   Mar 14 2021     Aug 09 2019     $458.38
Gourmet Lanchonetes                      Apr 30 2021     Feb 20 2020     $458.01
Godos Cocina Típica                      Apr 23 2021     Sep 14 2019     $455.00
Ottilies Käseladen                       Apr 12 2021     Sep 04 2019     $453.71
Wartian Herkku                           Apr 20 2021     Jul 29 2019     $449.11
Antonio Moreno Taquería                  Feb 06 2021     Nov 28 2019     $442.08
Die Wandernde Kuh                        Apr 20 2021     Sep 13 2019     $409.76
Spécialités du monde                     Apr 25 2021     Nov 14 2020     $403.89
Victuailles en stock                     Jan 26 2021     Aug 24 2019     $397.48
Alfreds Futterkiste                      Apr 09 2021     Aug 29 2020     $383.02
Comércio Mineiro                         Apr 27 2021     Aug 30 2019     $381.08
Drachenblut Delikatessen                 May 02 2021     Nov 30 2019     $376.32
Tortuga Restaurante                      May 02 2021     Aug 10 2019     $372.83
GROSELLA-Restaurante                     Dec 20 2020     Jul 29 2019     $372.18
Magazzini Alimentari Riuniti             Mar 19 2021     Aug 05 2019     $362.09
Santé Gourmet                            Apr 16 2021     Dec 16 2019     $358.45
Furia Bacalhau e Frutos do Mar           Mar 22 2021     Oct 13 2019     $357.58
Toms Spezialitäten                       Mar 29 2021     Aug 21 2019     $353.86
Let's Stop N Shop                        Feb 09 2021     Jun 30 2020     $349.00
Reggiani Caseifici                       Apr 17 2021     Aug 30 2019     $343.44
Wellington Importadora                   Mar 14 2021     Aug 31 2019     $341.09
Hungry Coyote Import Store               Oct 11 2020     Dec 05 2019     $340.36
La maison d'Asie                         Mar 09 2021     Nov 23 2019     $331.37
Océano Atlántico Ltda.                   Apr 17 2021     Jan 10 2020     $314.56
Lonesome Pine Restaurant                 Apr 12 2021     Sep 21 2019     $304.19
Pericles Comidas clásicas                Apr 02 2021     Oct 19 2019     $303.01
Que Delícia                              Mar 29 2021     Aug 31 2019     $290.57
B's Beverages                            Apr 20 2021     Aug 24 2019     $276.81
Island Trading                           Mar 12 2021     Sep 29 2019     $267.23
Consolidated Holdings                    Jan 25 2021     Feb 03 2020     $245.59
The Cracker Box                          Apr 04 2021     Aug 15 2020     $243.41
Rancho grande                            Mar 05 2021     Feb 20 2020     $237.01
Familia Arquibaldo                       Nov 01 2020     Nov 04 2019     $233.63
Blauer See Delikatessen                  Mar 16 2021     Apr 12 2020     $231.41
Wolski  Zajazd                           Apr 27 2021     Dec 05 2019     $220.75
Wilman Kala                              Apr 06 2021     Aug 02 2020     $185.96
La corne d'abondance                     Apr 04 2021     Jan 30 2021     $181.10
Du monde entier                          Feb 14 2021     Sep 22 2019     $179.54
Lazy K Kountry Store                     Jun 22 2020     Apr 06 2020     $178.50
Trail's Head Gourmet Provisioners        Jan 12 2021     Jun 26 2020     $174.58
Cactus Comidas para llevar               Mar 09 2021     Apr 28 2020     $164.98
Franchi S.p.A.                           Apr 30 2021     Jan 27 2020     $154.57
Vins et alcools Chevalier                Nov 14 2020     Aug 12 2019     $148.57
Ana Trujillo Emparedados y helados       Mar 07 2021     Sep 20 2019     $140.30
North/South                              Apr 27 2021     Apr 25 2020     $108.17
Romero y tomillo                         Apr 06 2021     Aug 17 2019     $104.81
Galería del gastrónomo                   Mar 14 2021     Dec 26 2019     $104.59
Laughing Bacchus Wine Cellars            Jan 03 2021     Apr 07 2020     $65.31
Centro comercial Moctezuma               Sep 03 2019     Sep 03 2019     $50.40
FISSA Fabrica Inter. Salchichas S.A.     NULL            NULL            NULL
Paris spécialités                        NULL            NULL            NULL
Warning: Null value is eliminated by an aggregate or other SET operation.

(91 rows affected)


Completion time: 2021-04-13T20:25:04.3690823-06:00
