ProductName                              TimesOrdered TotalOrdered
---------------------------------------- ------------ ------------
Raclette Courdavault                     54           1496
Gorgonzola Telino                        51           1397
Camembert Pierrot                        51           1577
Guaraná Fantástica                       51           1125
Gnocchi di nonna Alice                   50           1263
Tarte au sucre                           48           1083
Jack's New England Clam Chowder          47           981
Rhönbräu Klosterbier                     46           1155
Chang                                    44           1057
Pavlova                                  43           1158
Flotemysost                              42           1057
Boston Crab Meat                         41           1103
Konbu                                    40           891
Manjimup Dried Apples                    39           886
Sir Rodney's Scones                      39           1016
Outback Lager                            39           817
Lakkalikööri                             39           981
Mozzarella di Giovanni                   38           806
Queso Cabrales                           38           706
Chai                                     38           828
Original Frankfurter grüne Soße          38           791
Teatime Chocolate Biscuits               37           723
Alice Mutton                             37           978
Steeleye Stout                           36           883
Tourtière                                36           755
Scottish Longbreads                      34           799
Rössle Sauerkraut                        33           640
Pâté chinois                             33           903
Ikura                                    33           742
Louisiana Fiery Hot Pepper Sauce         32           745
Thüringer Rostbratwurst                  32           746
Nord-Ost Matjeshering                    32           612
Geitost                                  32           755
Gumbär Gummibärchen                      32           753
Inlagd Sill                              31           805
Gudbrandsdalsost                         31           714
Singaporean Hokkien Fried Mee            30           697
Perth Pasties                            30           722
Wimmers gute Semmelknödel                30           740
Chartreuse verte                         30           793
Uncle Bob's Organic Dried Pears          29           763
Filo Mix                                 29           500
Ipoh Coffee                              28           580
Carnarvon Tigers                         27           539
Spegesild                                27           548
Sirop d'érable                           24           603
Côte de Blaye                            24           623
Gula Malacca                             24           601
Ravioli Angelo                           23           434
Tofu                                     22           404
Zaanse koeken                            21           485
Maxilaku                                 21           520
Chef Anton's Cajun Seasoning             20           453
Tunnbröd                                 20           580
Sasquatch Ale                            19           506
NuNuCa Nuß-Nougat-Creme                  18           318
Escargots de Bourgogne                   18           534
Vegie-spread                             17           445
Sir Rodney's Marmalade                   16           313
Mascarpone Fabioli                       15           297
Röd Kaviar                               14           293
Queso Manchego La Pastora                14           344
Rogede sild                              14           508
Gustaf's Knäckebröd                      14           348
Northwoods Cranberry Sauce               13           372
Longlife Tofu                            13           297
Aniseed Syrup                            12           328
Grandma's Boysenberry Spread             12           301
Laughing Lumberjack Lager                10           184
Chef Anton's Gumbo Mix                   10           298
Valkoinen suklaa                         10           235
Schoggi Schokolade                       9            365
Louisiana Hot Spiced Okra                8            239
Genen Shouyu                             6            122
Gravad lax                               6            125
Chocolade                                6            138
Mishi Kobe Niku                          5            95
Chocolate Covered Pickles                0            NULL
Warning: Null value is eliminated by an aggregate or other SET operation.

(78 rows affected)


Completion time: 2021-04-08T12:56:48.8100771-06:00
