ProductName                              NumberOfTimesOrdered
---------------------------------------- --------------------
Chocolate Covered Pickles                0
Mishi Kobe Niku                          5
Chocolade                                6
Genen Shouyu                             6
Gravad lax                               6
Louisiana Hot Spiced Okra                8
Schoggi Schokolade                       9
Laughing Lumberjack Lager                10
Chef Anton's Gumbo Mix                   10
Valkoinen suklaa                         10
Aniseed Syrup                            12
Grandma's Boysenberry Spread             12
Longlife Tofu                            13
Northwoods Cranberry Sauce               13
Queso Manchego La Pastora                14
Röd Kaviar                               14
Rogede sild                              14
Gustaf's Knäckebröd                      14
Mascarpone Fabioli                       15
Sir Rodney's Marmalade                   16
Vegie-spread                             17
NuNuCa Nuß-Nougat-Creme                  18
Escargots de Bourgogne                   18
Sasquatch Ale                            19
Chef Anton's Cajun Seasoning             20
Tunnbröd                                 20
Zaanse koeken                            21
Maxilaku                                 21
Tofu                                     22
Ravioli Angelo                           23
Sirop d'érable                           24
Côte de Blaye                            24
Gula Malacca                             24
Carnarvon Tigers                         27
Spegesild                                27
Ipoh Coffee                              28
Filo Mix                                 29
Uncle Bob's Organic Dried Pears          29
Wimmers gute Semmelknödel                30
Chartreuse verte                         30
Singaporean Hokkien Fried Mee            30
Perth Pasties                            30
Inlagd Sill                              31
Gudbrandsdalsost                         31
Gumbär Gummibärchen                      32
Louisiana Fiery Hot Pepper Sauce         32
Geitost                                  32
Nord-Ost Matjeshering                    32
Thüringer Rostbratwurst                  32
Rössle Sauerkraut                        33
Pâté chinois                             33
Ikura                                    33
Scottish Longbreads                      34
Steeleye Stout                           36
Tourtière                                36
Teatime Chocolate Biscuits               37
Alice Mutton                             37
Chai                                     38
Queso Cabrales                           38
Mozzarella di Giovanni                   38
Original Frankfurter grüne Soße          38
Outback Lager                            39
Lakkalikööri                             39
Sir Rodney's Scones                      39
Manjimup Dried Apples                    39
Konbu                                    40
Boston Crab Meat                         41
Flotemysost                              42
Pavlova                                  43
Chang                                    44
Rhönbräu Klosterbier                     46
Jack's New England Clam Chowder          47
Tarte au sucre                           48
Gnocchi di nonna Alice                   50
Gorgonzola Telino                        51
Camembert Pierrot                        51
Guaraná Fantástica                       51
Raclette Courdavault                     54

(78 rows affected)


Completion time: 2021-04-08T09:19:30.0287254-06:00
